// Jest Snapshot v1, https://goo.gl/fbAQLP

exports[`step data collection 1`] = `
Array [
  Object {
    "_class": Array [
      "Account",
    ],
    "_key": "gitlab-account-version:17.0.0-pre",
    "_rawData": Array [
      Object {
        "name": "default",
        "rawData": Object {
          "systemVersion": Object {
            "enterprise": true,
            "kas": Object {
              "enabled": true,
              "externalUrl": "wss://kas.gitlab.com",
              "version": "17.0.0-rc4",
            },
            "revision": "41e5f397063",
            "version": "17.0.0-pre",
          },
          "tokenOwner": Object {
            "avatar_url": "https://secure.gravatar.com/avatar/547145a05e7cecb80611baf055925182?s=80&d=identicon",
            "bio": null,
            "can_create_group": true,
            "can_create_project": true,
            "color_scheme_id": 1,
            "confirmed_at": "2020-04-28T12:33:25.235Z",
            "created_at": "2020-04-28T12:33:25.275Z",
            "current_sign_in_at": "2020-05-08T17:05:49.796Z",
            "email": "codeworkr@gmail.com",
            "external": false,
            "extra_shared_runners_minutes_limit": null,
            "id": 5887285,
            "identities": Array [
              Object {
                "extern_uid": "30329077",
                "provider": "github",
                "saml_provider_id": null,
              },
            ],
            "job_title": "",
            "last_activity_on": "2020-05-12",
            "last_sign_in_at": "2020-05-08T11:19:04.307Z",
            "linkedin": "",
            "location": null,
            "name": "eXtremeX",
            "organization": null,
            "private_profile": false,
            "projects_limit": 100000,
            "public_email": "",
            "shared_runners_minutes_limit": null,
            "skype": "",
            "state": "active",
            "theme_id": 1,
            "twitter": "",
            "two_factor_enabled": false,
            "username": "eXtremeXR",
            "web_url": "https://gitlab.com/eXtremeXR",
            "website_url": "",
            "work_information": null,
          },
        },
      },
    ],
    "_type": "gitlab_account",
    "createdOn": undefined,
    "displayName": "eXtremeX",
    "enterprise": true,
    "id": "5887285",
    "name": "eXtremeX",
    "revision": "41e5f397063",
    "version": "17.0.0-pre",
  },
]
`;
